00:00 +0: loading /mnt/hdd/Projects/Brahmakosh-main/test/widget_test.dart                                                                                                                              00:01 +0: loading /mnt/hdd/Projects/Brahmakosh-main/test/widget_test.dart                                                                                                                              00:02 +0: loading /mnt/hdd/Projects/Brahmakosh-main/test/widget_test.dart                                                                                                                              00:03 +0: loading /mnt/hdd/Projects/Brahmakosh-main/test/widget_test.dart                                                                                                                              00:04 +0: loading /mnt/hdd/Projects/Brahmakosh-main/test/widget_test.dart                                                                                                                              00:04 +0: App starts with SplashView smoke test                                                                                                                                                        00:05 +0: App starts with SplashView smoke test                                                                                                                                                        00:05 +0: App starts with SplashView smoke test                                                                                                                                                        
══╡ EXCEPTION CAUGHT BY FLUTTER TEST FRAMEWORK ╞════════════════════════════════════════════════════
The following UnimplementedError was thrown running a test:
init() has not been implemented.

When the exception was thrown, this was the stack:
#0      VideoPlayerPlatform.init (package:video_player_platform_interface/video_player_platform_interface.dart:43:5)
#1      _videoPlayerPlatform (package:video_player/video_player.dart:35:21)
#2      VideoPlayerController.initialize (package:video_player/video_player.dart:474:16)
#3      _WelcomeVideoState.initState (package:brahmakosh/core/custom_widgets/splash_welcome.dart:27:9)
#4      StatefulElement._firstBuild (package:flutter/src/widgets/framework.dart:5953:55)
#5      ComponentElement.mount (package:flutter/src/widgets/framework.dart:5796:5)
...     Normal element mounting (28 frames)
#33     Element.inflateWidget (package:flutter/src/widgets/framework.dart:4590:20)
#34     MultiChildRenderObjectElement.inflateWidget (package:flutter/src/widgets/framework.dart:7269:36)
#35     MultiChildRenderObjectElement.mount (package:flutter/src/widgets/framework.dart:7285:32)
...     Normal element mounting (275 frames)
#310    Element.inflateWidget (package:flutter/src/widgets/framework.dart:4590:20)
#311    MultiChildRenderObjectElement.inflateWidget (package:flutter/src/widgets/framework.dart:7269:36)
#312    MultiChildRenderObjectElement.mount (package:flutter/src/widgets/framework.dart:7285:32)
...     Normal element mounting (480 frames)
#792    Element.inflateWidget (package:flutter/src/widgets/framework.dart:4590:20)
#793    Element.updateChild (package:flutter/src/widgets/framework.dart:4053:20)
#794    ComponentElement.performRebuild (package:flutter/src/widgets/framework.dart:5844:16)
#795    Element.rebuild (package:flutter/src/widgets/framework.dart:5532:7)
#796    ProxyElement.update (package:flutter/src/widgets/framework.dart:6152:5)
#797    _InheritedNotifierElement.update (package:flutter/src/widgets/inherited_notifier.dart:108:11)
#798    Element.updateChild (package:flutter/src/widgets/framework.dart:4037:15)
#799    ComponentElement.performRebuild (package:flutter/src/widgets/framework.dart:5844:16)
#800    StatefulElement.performRebuild (package:flutter/src/widgets/framework.dart:5985:11)
#801    Element.rebuild (package:flutter/src/widgets/framework.dart:5532:7)
#802    StatefulElement.update (package:flutter/src/widgets/framework.dart:6010:5)
#803    Element.updateChild (package:flutter/src/widgets/framework.dart:4037:15)
#804    ComponentElement.performRebuild (package:flutter/src/widgets/framework.dart:5844:16)
#805    Element.rebuild (package:flutter/src/widgets/framework.dart:5532:7)
#806    ProxyElement.update (package:flutter/src/widgets/framework.dart:6152:5)
#807    _InheritedNotifierElement.update (package:flutter/src/widgets/inherited_notifier.dart:108:11)
#808    Element.updateChild (package:flutter/src/widgets/framework.dart:4037:15)
#809    ComponentElement.performRebuild (package:flutter/src/widgets/framework.dart:5844:16)
#810    StatefulElement.performRebuild (package:flutter/src/widgets/framework.dart:5985:11)
#811    Element.rebuild (package:flutter/src/widgets/framework.dart:5532:7)
#812    StatefulElement.update (package:flutter/src/widgets/framework.dart:6010:5)
#813    Element.updateChild (package:flutter/src/widgets/framework.dart:4037:15)
#814    ComponentElement.performRebuild (package:flutter/src/widgets/framework.dart:5844:16)
#815    StatefulElement.performRebuild (package:flutter/src/widgets/framework.dart:5985:11)
#816    Element.rebuild (package:flutter/src/widgets/framework.dart:5532:7)
#817    StatefulElement.update (package:flutter/src/widgets/framework.dart:6010:5)
#818    Element.updateChild (package:flutter/src/widgets/framework.dart:4037:15)
#819    ComponentElement.performRebuild (package:flutter/src/widgets/framework.dart:5844:16)
#820    Element.rebuild (package:flutter/src/widgets/framework.dart:5532:7)
#821    ProxyElement.update (package:flutter/src/widgets/framework.dart:6152:5)
#822    Element.updateChild (package:flutter/src/widgets/framework.dart:4037:15)
#823    ComponentElement.performRebuild (package:flutter/src/widgets/framework.dart:5844:16)
#824    StatefulElement.performRebuild (package:flutter/src/widgets/framework.dart:5985:11)
#825    Element.rebuild (package:flutter/src/widgets/framework.dart:5532:7)
#826    StatefulElement.update (package:flutter/src/widgets/framework.dart:6010:5)
#827    Element.updateChild (package:flutter/src/widgets/framework.dart:4037:15)
#828    ComponentElement.performRebuild (package:flutter/src/widgets/framework.dart:5844:16)
#829    Element.rebuild (package:flutter/src/widgets/framework.dart:5532:7)
#830    ProxyElement.update (package:flutter/src/widgets/framework.dart:6152:5)
#831    Element.updateChild (package:flutter/src/widgets/framework.dart:4037:15)
#832    ComponentElement.performRebuild (package:flutter/src/widgets/framework.dart:5844:16)
#833    Element.rebuild (package:flutter/src/widgets/framework.dart:5532:7)
#834    ProxyElement.update (package:flutter/src/widgets/framework.dart:6152:5)
#835    Element.updateChild (package:flutter/src/widgets/framework.dart:4037:15)
#836    _RawViewElement._updateChild (package:flutter/src/widgets/view.dart:481:16)
#837    _RawViewElement.update (package:flutter/src/widgets/view.dart:568:5)
#838    Element.updateChild (package:flutter/src/widgets/framework.dart:4037:15)
#839    ComponentElement.performRebuild (package:flutter/src/widgets/framework.dart:5844:16)
#840    Element.rebuild (package:flutter/src/widgets/framework.dart:5532:7)
#841    StatelessElement.update (package:flutter/src/widgets/framework.dart:5898:5)
#842    Element.updateChild (package:flutter/src/widgets/framework.dart:4037:15)
#843    ComponentElement.performRebuild (package:flutter/src/widgets/framework.dart:5844:16)
#844    StatefulElement.performRebuild (package:flutter/src/widgets/framework.dart:5985:11)
#845    Element.rebuild (package:flutter/src/widgets/framework.dart:5532:7)
#846    StatefulElement.update (package:flutter/src/widgets/framework.dart:6010:5)
#847    Element.updateChild (package:flutter/src/widgets/framework.dart:4037:15)
#848    RootElement._rebuild (package:flutter/src/widgets/binding.dart:1782:16)
#849    RootElement.update (package:flutter/src/widgets/binding.dart:1760:5)
#850    RootElement.performRebuild (package:flutter/src/widgets/binding.dart:1774:7)
#851    Element.rebuild (package:flutter/src/widgets/framework.dart:5532:7)
#852    BuildScope._tryRebuild (package:flutter/src/widgets/framework.dart:2750:15)
#853    BuildScope._flushDirtyElements (package:flutter/src/widgets/framework.dart:2807:11)
#854    BuildOwner.buildScope (package:flutter/src/widgets/framework.dart:3111:18)
#855    AutomatedTestWidgetsFlutterBinding.drawFrame (package:flutter_test/src/binding.dart:1506:19)
#856    RendererBinding._handlePersistentFrameCallback (package:flutter/src/rendering/binding.dart:495:5)
#857    SchedulerBinding._invokeFrameCallback (package:flutter/src/scheduler/binding.dart:1434:15)
#858    SchedulerBinding.handleDrawFrame (package:flutter/src/scheduler/binding.dart:1347:9)
#859    AutomatedTestWidgetsFlutterBinding.pump.<anonymous closure> (package:flutter_test/src/binding.dart:1335:9)
#862    TestAsyncUtils.guard (package:flutter_test/src/test_async_utils.dart:74:41)
#863    AutomatedTestWidgetsFlutterBinding.pump (package:flutter_test/src/binding.dart:1324:27)
#864    WidgetTester.pumpWidget.<anonymous closure> (package:flutter_test/src/widget_tester.dart:598:22)
#867    TestAsyncUtils.guard (package:flutter_test/src/test_async_utils.dart:74:41)
#868    WidgetTester.pumpWidget (package:flutter_test/src/widget_tester.dart:595:27)
#869    main.<anonymous closure> (file:///mnt/hdd/Projects/Brahmakosh-main/test/widget_test.dart:20:18)
#870    testWidgets.<anonymous closure>.<anonymous closure> (package:flutter_test/src/widget_tester.dart:192:29)
<asynchronous suspension>
#871    TestWidgetsFlutterBinding._runTestBody (package:flutter_test/src/binding.dart:1059:5)
<asynchronous suspension>
<asynchronous suspension>
(elided 5 frames from dart:async and package:stack_trace)

The test description was:
  App starts with SplashView smoke test
════════════════════════════════════════════════════════════════════════════════════════════════════
00:05 +0 -1: App starts with SplashView smoke test [E]                                                                                                                                                 
  Test failed. See exception logs above.
  The test description was: App starts with SplashView smoke test
  

To run this test again: /home/devendra-sharma/snap/flutter/common/flutter/bin/cache/dart-sdk/bin/dart test /mnt/hdd/Projects/Brahmakosh-main/test/widget_test.dart -p vm --plain-name 'App starts with SplashView smoke test'
00:06 +0 -1: Some tests failed.                                                                                                                                                                        
